Starting CAP Project Generator...
<<<<<<< HEAD
Using @sap/cds-dk [9.9.1] from /extbin/globals/pnpm/5/.pnpm/@sap+cds-dk@9.9.1_@eslint+js@10.0.1/node_modules/@sap/cds-dk
Using @sap/generator-cap-project [2.0.6] from [/extbin/globals/pnpm/5/.pnpm/@sap+generator-cap-project@2.0.6_encoding@0.1.13_mem-fs@2.1.0_yeoman-environment@3.19.3_@types+node@25.7.0_/node_modules/@sap/generator-cap-project]
Using root path [/home/user/projects]

Creating project with approuter, destination, hana, html5-repo, mta, nodejs, xsuaa
=======
Using @sap/cds-dk [9.9.1] from /extbin/globals/bun/global/install/node_modules/@sap/cds-dk
Using @sap/generator-cap-project [2.0.6] from [/extbin/globals/bun/global/install/node_modules/@sap/generator-cap-project]
Using root path [/home/user/projects]

Creating project with approuter, hana, html5-repo, mta, nodejs, xsuaa
>>>>>>> b2f65e9 (21-7-26)

Adding facet: nodejs
Adding facet: mta
Adding facet: xsuaa
Adding facet: hana
Adding facet: approuter
<<<<<<< HEAD
Adding facet: destination
Adding facet: html5-repo

Successfully initialized CAP project
Continue with: code Test 
=======
Adding facet: html5-repo

Successfully initialized CAP project
Continue with: code RAGS_E-to-E 
>>>>>>> b2f65e9 (21-7-26)


Installing dependencies...

<<<<<<< HEAD
added 257 packages, and audited 258 packages in 13s

37 packages are looking for funding
=======
added 261 packages, and audited 262 packages in 4s

39 packages are looking for funding
>>>>>>> b2f65e9 (21-7-26)
  run `npm fund` for details

found 0 vulnerabilities

Finished installing dependencies

<<<<<<< HEAD
Done setting up project Test
=======
Done setting up project RAGS_E-to-E
>>>>>>> b2f65e9 (21-7-26)
Project is ready to use

